<?xml version="1.0" encoding="UTF-8" standalone="yes" ?>

<inet:Report xmlns:inet="http://www.inetsoftware.de" major_version="8" minor_version="97" major_xml_version="9" minor_xml_version="0" count="3" id="0">
    <Datasource>
      <DataSourceConfiguration name="pdsora7.dll">
      </DataSourceConfiguration>
      <Tablesource alias="DUMMY_VIEW_MRAARLBLGINV" databaseIdentifier="ICR3DEV.DUMMY_VIEW_MRAARLBLGINV">
        <Column name="CMPCOD" type="11" />
        <Column name="ARLIDR" type="6" />
        <Column name="INVNUM" type="11" />
        <Column name="INTBLGTYP" type="11" />
        <Column name="CLRPRD" type="11" />
        <Column name="ARLCOD" type="11" />
        <Column name="TOTAMTBLGCUR" type="6" />
        <Column name="ARLNAM" type="11" />
      </Tablesource>
    </Datasource>
  <Database>
  <QueryChanges mask="0" count="4">
      <Attribute name="queryChange" value="null"/>
      <Attribute name="queryChange" value="null"/>
      <Attribute name="queryChange" value="null"/>
      <Attribute name="queryChange" value="null"/>
    </QueryChanges>
  </Database>
  <FormulaFields>
    <Field type="FormulaField" valueType="11">
      <Attribute name="name" value="uppercase( {?PrintDate} );"/>
      <Attribute name="shortName" value="uppercase( {?PrintDate} );"/>
      <Attribute name="formula type" value="0"/>
      <Attribute name="basic syntax" value="false"/>
      <![CDATA[uppercase( {?PrintDate} );]]>
    </Field>
  </FormulaFields>
  <PromptFields>
    <Field type="PromptVarField" valueType="11">
      <Attribute name="name" value="ReportId"/>
      <Attribute name="allow_multiple_values" value="false"/>
      <Attribute name="discrete_or_range" value="0"/>
      <Attribute name="allow editing" value="true"/>
      <Attribute name="description_only" value="false"/>
      <Attribute name="edit mask" value=""/>
      <Attribute name="prompt_text" value=""/>
      <Attribute name="use_range" value="false"/>
      <Attribute name="id" value="0"/>
    </Field>
    <Field type="PromptVarField" valueType="11">
      <Attribute name="name" value="StaffId"/>
      <Attribute name="allow_multiple_values" value="false"/>
      <Attribute name="discrete_or_range" value="0"/>
      <Attribute name="allow editing" value="true"/>
      <Attribute name="description_only" value="false"/>
      <Attribute name="edit mask" value=""/>
      <Attribute name="prompt_text" value=""/>
      <Attribute name="use_range" value="false"/>
      <Attribute name="id" value="1"/>
    </Field>
    <Field type="PromptVarField" valueType="11">
      <Attribute name="name" value="Station"/>
      <Attribute name="allow_multiple_values" value="false"/>
      <Attribute name="discrete_or_range" value="0"/>
      <Attribute name="allow editing" value="true"/>
      <Attribute name="description_only" value="false"/>
      <Attribute name="edit mask" value=""/>
      <Attribute name="prompt_text" value=""/>
      <Attribute name="use_range" value="false"/>
      <Attribute name="id" value="2"/>
    </Field>
    <Field type="PromptVarField" valueType="11">
      <Attribute name="name" value="PrintDate"/>
      <Attribute name="allow_multiple_values" value="false"/>
      <Attribute name="discrete_or_range" value="0"/>
      <Attribute name="allow editing" value="true"/>
      <Attribute name="description_only" value="false"/>
      <Attribute name="edit mask" value=""/>
      <Attribute name="prompt_text" value=""/>
      <Attribute name="use_range" value="false"/>
      <Attribute name="id" value="516"/>
    </Field>
    <Field type="PromptVarField" valueType="11">
      <Attribute name="name" value="PrintTime"/>
      <Attribute name="allow_multiple_values" value="false"/>
      <Attribute name="discrete_or_range" value="0"/>
      <Attribute name="allow editing" value="true"/>
      <Attribute name="description_only" value="false"/>
      <Attribute name="edit mask" value=""/>
      <Attribute name="prompt_text" value=""/>
      <Attribute name="use_range" value="false"/>
      <Attribute name="id" value="517"/>
    </Field>
    <Field type="PromptVarField" valueType="11">
      <Attribute name="name" value="ClearancePeriod"/>
      <Attribute name="allow_multiple_values" value="false"/>
      <Attribute name="discrete_or_range" value="0"/>
      <Attribute name="allow editing" value="true"/>
      <Attribute name="description_only" value="false"/>
      <Attribute name="edit mask" value=""/>
      <Attribute name="prompt_text" value="ClearancePeriod"/>
      <Attribute name="use_range" value="false"/>
      <Attribute name="id" value="518"/>
      <DefaultPromptValues>
            <DefaultValue value="&#39;&#39;"/>
      </DefaultPromptValues>
    </Field>
  </PromptFields>
  <SQLFields>
  </SQLFields>
  <SummaryFields>
    <Field type="SummaryField" valueType="-1">
      <Attribute name="name" value="sum Field 0.37444752"/>
      <Attribute name="operation" value="0"/>
      <Attribute name="summary_nth" value="0"/>
      <Attribute name="summary_type" value="1"/>
      <Attribute name="chartFieldSelect" value="2"/>
      <Attribute name="group number type" value="0"/>
      <Attribute name="show as percent value" value="false"/>
      <Attribute name="execute on db" value="false"/>
    </Field>
    <Field type="SummaryField" valueType="-1">
      <Attribute name="name" value=""/>
      <Attribute name="operation" value="0"/>
      <Attribute name="summary_nth" value="0"/>
      <Attribute name="summary_type" value="1"/>
      <Attribute name="chartFieldSelect" value="2"/>
      <Attribute name="group number type" value="0"/>
      <Attribute name="show as percent value" value="false"/>
      <Attribute name="execute on db" value="false"/>
    </Field>
    <Field type="SummaryField" valueType="6">
      <Attribute name="name" value="Sum DUMMY_VIEW_MRAARLBLGINV.TOTAMTBLGCUR"/>
      <Reference name="id" type="DatabaseField" refname="DUMMY_VIEW_MRAARLBLGINV.TOTAMTBLGCUR"/>
      <Attribute name="operation" value="0"/>
      <Attribute name="summary_nth" value="0"/>
      <Attribute name="summary_type" value="1"/>
      <Attribute name="chartFieldSelect" value="2"/>
      <Attribute name="group number type" value="0"/>
      <Attribute name="show as percent value" value="false"/>
      <Attribute name="execute on db" value="false"/>
    </Field>
  </SummaryFields>
  <SortFields>
  </SortFields>
  <GroupNameFields count="0">
  </GroupNameFields>
  <ReportProperties>
    <Attribute name="page width" value="12240"/>
    <Attribute name="page height" value="15840"/>
    <Attribute name="page orientation" value="1"/>
    <Attribute name="page margin left" value="360"/>
    <Attribute name="page margin right" value="360"/>
    <Attribute name="page margin top" value="360"/>
    <Attribute name="page margin bottom" value="360"/>
    <Attribute name="report title" value=""/>
    <Attribute name="report author" value=""/>
    <Attribute name="report keywords" value=""/>
    <Attribute name="report subject" value=""/>
    <Attribute name="report template" value=""/>
    <Attribute name="report comments" value=""/>
    <Attribute name="report last saved" value="2 May 2016 11:49:25 GMT"/>
    <Attribute name="report created" value="22 Nov 2005 14:03:43 GMT"/>
    <Attribute name="mailing label type 1" value="User-Defined Label"/>
    <Attribute name="mailing label type 2" value=""/>
    <Attribute name="format with multiple columns" value="false"/>
    <Attribute name="mailing label width" value="0"/>
    <Attribute name="mailing label height" value="0"/>
    <Attribute name="mailing label distance vertical" value="0"/>
    <Attribute name="mailing label distance horizontal" value="0"/>
    <Attribute name="across then down" value="false"/>
    <Attribute name="format groups with multiple columns" value="false"/>
    <Attribute name="distinct" value="false"/>
    <Attribute name="show suppressed nodes" value="true"/>
    <Attribute name="ignore filtering" value="false"/>
    <Attribute name="ignore sorting" value="false"/>
    <Attribute name="convert date time" value="2"/>
    <Attribute name="data source" value="DEV1"/>
    <Attribute name="data source desc" value="Oracle Server"/>
    <Attribute name="suppress if no rows" value="false"/>
    <Attribute name="convert null values to default" value="false"/>
    <Attribute name="hide PageFooter inside ReportHeader" value="true"/>
    <Attribute name="form print" value="false"/>
    <Attribute name="printing enabled" value="true"/>
    <Attribute name="clipboard enabled" value="true"/>
    <Attribute name="export enabled" value="true"/>
    <Attribute name="group tree visible" value="true"/>
  </ReportProperties>
  <AreaPair type="PageAreaPair" id="0">
    <Area type="PageHeader" count="3">
      <AreaProperties>
        <Attribute name="drill down" value="true"/>
        <Attribute name="keep together" value="true"/>
        <Attribute name="underlay following section" value="true"/>
      </AreaProperties>
      <Section type="PageHeader" count="14" width="11520" height="2100" id="0">
        <SectionProperties>
          <Attribute name="drill down" value="true"/>
          <Attribute name="keep together" value="true"/>
        </SectionProperties>
        <Element type="Box" x2_position="11096" y2_position="1" x_position="152" y_position="143" width="0" height="0">
          <CommonProperties>
            <Attribute name="keep together" value="true"/>
          </CommonProperties>
          <BoxProperties>
            <Attribute name="close border on page break" value="true"/>
              <LineProperties>
                <Attribute name="line width" value="0"/>
                <Attribute name="id" value="1"/>
              </LineProperties>
          </BoxProperties>
        </Element>
        <Element type="Text" count="1" x_position="8208" y_position="600" width="908" height="225">
          <CommonProperties>
            <Attribute name="keep together" value="true"/>
            <Attribute name="can grow" value="true"/>
          </CommonProperties>
          <Element type="Paragraph" count="1">
            <CommonProperties>
              <Attribute name="horizontal align" value="1"/>
            </CommonProperties>
            <Element type="TextPart">
              <FontProperties>
                <Attribute name="font name" value="Arial"/>
                <Attribute name="font size" value="200"/>
              </FontProperties>
            <![CDATA[Date ]]>
            </Element>
          </Element>
        </Element>
        <Element type="Text" count="1" x_position="8208" y_position="1033" width="908" height="225">
          <CommonProperties>
            <Attribute name="keep together" value="true"/>
          </CommonProperties>
          <Element type="Paragraph" count="1">
            <CommonProperties>
              <Attribute name="horizontal align" value="1"/>
            </CommonProperties>
            <Element type="TextPart">
              <FontProperties>
                <Attribute name="font name" value="Arial"/>
                <Attribute name="font size" value="200"/>
              </FontProperties>
            <![CDATA[Staff Id]]>
            </Element>
          </Element>
        </Element>
        <Element type="Text" count="1" x_position="8208" y_position="1448" width="878" height="225">
          <CommonProperties>
            <Attribute name="keep together" value="true"/>
          </CommonProperties>
          <Element type="Paragraph" count="1">
            <CommonProperties>
              <Attribute name="horizontal align" value="1"/>
              <Attribute name="keep together" value="true"/>
            </CommonProperties>
            <Element type="TextPart">
              <FontProperties>
                <Attribute name="font name" value="Arial"/>
                <Attribute name="font size" value="200"/>
              </FontProperties>
            <![CDATA[Airport]]>
            </Element>
          </Element>
        </Element>
        <Element type="Text" count="1" x_position="9106" y_position="600" width="120" height="225">
          <CommonProperties>
            <Attribute name="keep together" value="true"/>
          </CommonProperties>
          <Element type="Paragraph" count="1">
            <CommonProperties>
              <Attribute name="horizontal align" value="1"/>
            </CommonProperties>
            <Element type="TextPart">
              <FontProperties>
                <Attribute name="font name" value="Arial"/>
                <Attribute name="font size" value="200"/>
              </FontProperties>
            <![CDATA[:]]>
            </Element>
          </Element>
        </Element>
        <Element type="Text" count="1" x_position="9106" y_position="1033" width="120" height="225">
          <CommonProperties>
            <Attribute name="keep together" value="true"/>
            <Attribute name="can grow" value="true"/>
          </CommonProperties>
          <Element type="Paragraph" count="1">
            <CommonProperties>
              <Attribute name="horizontal align" value="1"/>
            </CommonProperties>
            <Element type="TextPart">
              <FontProperties>
                <Attribute name="font name" value="Arial"/>
                <Attribute name="font size" value="200"/>
              </FontProperties>
            <![CDATA[:]]>
            </Element>
          </Element>
        </Element>
        <Element type="Text" count="1" x_position="9106" y_position="1448" width="120" height="225">
          <CommonProperties>
            <Attribute name="keep together" value="true"/>
          </CommonProperties>
          <Element type="Paragraph" count="1">
            <CommonProperties>
              <Attribute name="horizontal align" value="1"/>
            </CommonProperties>
            <Element type="TextPart">
              <FontProperties>
                <Attribute name="font name" value="Arial"/>
                <Attribute name="font size" value="200"/>
              </FontProperties>
            <![CDATA[:]]>
            </Element>
          </Element>
        </Element>
        <Element type="Text" count="1" x_position="3000" y_position="750" width="5033" height="608">
          <CommonProperties>
            <Attribute name="keep together" value="true"/>
            <Attribute name="can grow" value="true"/>
          </CommonProperties>
          <Element type="Paragraph" count="1">
            <CommonProperties>
              <Attribute name="horizontal align" value="2"/>
              <Attribute name="keep together" value="true"/>
              <Attribute name="can grow" value="true"/>
            </CommonProperties>
            <Element type="TextPart">
              <FontProperties>
                <Attribute name="font name" value="Arial"/>
                <Attribute name="font size" value="280"/>
                <Attribute name="font style" value="1"/>
              </FontProperties>
            <![CDATA[RPTMRA012#TITLE]]>
            </Element>
          </Element>
        </Element>
        <Element type="FieldElement" x_position="9248" y_position="1033" width="1808" height="225">
          <CommonProperties>
            <Attribute name="horizontal align" value="1"/>
            <Attribute name="keep together" value="true"/>
          </CommonProperties>
          <FontProperties>
            <Attribute name="font name" value="Arial"/>
            <Attribute name="font size" value="200"/>
          </FontProperties>
          <Reference name="field" type="PromptVarField" refname="?StaffId"/>
        </Element>
        <Element type="FieldElement" x_position="9256" y_position="1448" width="1808" height="225">
          <CommonProperties>
            <Attribute name="horizontal align" value="1"/>
            <Attribute name="keep together" value="true"/>
          </CommonProperties>
          <FontProperties>
            <Attribute name="font name" value="Arial"/>
            <Attribute name="font size" value="200"/>
          </FontProperties>
          <Reference name="field" type="PromptVarField" refname="?Station"/>
        </Element>
        <Element type="FieldElement" x_position="10516" y_position="600" width="540" height="225">
          <CommonProperties>
            <Attribute name="horizontal align" value="1"/>
            <Attribute name="keep together" value="true"/>
          </CommonProperties>
          <FontProperties>
            <Attribute name="font name" value="Arial"/>
            <Attribute name="font size" value="200"/>
          </FontProperties>
          <Reference name="field" type="PromptVarField" refname="?PrintTime"/>
        </Element>
        <Element type="Picture" x_position="300" y_position="350" width="2580" height="1290">
          <PictureProperties>
            <Attribute name="id" value="2"/>
          </PictureProperties>
        </Element>
        <Element type="FieldElement" x_position="9232" y_position="600" width="1320" height="225">
          <CommonProperties>
            <Attribute name="horizontal align" value="1"/>
          </CommonProperties>
          <FontProperties>
            <Attribute name="font name" value="Arial"/>
            <Attribute name="font size" value="200"/>
          </FontProperties>
          <Reference name="field" type="FormulaField" refname="@uppercase( {?PrintDate} );"/>
        </Element>
        <Element type="Box" x2_position="11184" y2_position="60" x_position="70" y_position="61" width="0" height="0">
          <BoxProperties>
            <Attribute name="close border on page break" value="true"/>
              <LineProperties>
                <Attribute name="line width" value="10"/>
                <Attribute name="id" value="3"/>
              </LineProperties>
          </BoxProperties>
        </Element>
      </Section>
      <Section type="PageHeader" count="6" width="11520" height="1500" id="1">
        <SectionProperties>
          <Attribute name="drill down" value="true"/>
          <Attribute name="keep together" value="true"/>
        </SectionProperties>
        <Element type="Box" x2_position="11103" y2_position="953" x_position="146" y_position="450" width="0" height="0">
          <CommonProperties>
            <Attribute name="keep together" value="true"/>
          </CommonProperties>
          <BoxProperties>
            <Attribute name="close border on page break" value="true"/>
              <LineProperties>
                <Attribute name="line width" value="0"/>
              </LineProperties>
          </BoxProperties>
        </Element>
        <Element type="Text" count="1" x_position="300" y_position="600" width="1853" height="255">
          <CommonProperties>
            <Attribute name="keep together" value="true"/>
          </CommonProperties>
          <Element type="Paragraph" count="1">
            <CommonProperties>
              <Attribute name="horizontal align" value="3"/>
            </CommonProperties>
            <Element type="TextPart">
              <FontProperties>
                <Attribute name="font name" value="Arial"/>
                <Attribute name="font size" value="200"/>
              </FontProperties>
            <![CDATA[RPTMRA012#clrprd]]>
            </Element>
          </Element>
        </Element>
        <Element type="Text" count="1" x_position="2250" y_position="600" width="120" height="225">
          <CommonProperties>
            <Attribute name="keep together" value="true"/>
          </CommonProperties>
          <Element type="Paragraph" count="1">
            <CommonProperties>
              <Attribute name="horizontal align" value="1"/>
            </CommonProperties>
            <Element type="TextPart">
              <FontProperties>
                <Attribute name="font name" value="Arial"/>
                <Attribute name="font size" value="200"/>
              </FontProperties>
            <![CDATA[:]]>
            </Element>
          </Element>
        </Element>
        <Element type="Text" count="1" x_position="150" y_position="150" width="1508" height="225">
          <CommonProperties>
            <Attribute name="keep together" value="true"/>
            <Attribute name="can grow" value="true"/>
          </CommonProperties>
          <Element type="Paragraph" count="2">
            <CommonProperties>
              <Attribute name="horizontal align" value="1"/>
              <Attribute name="keep together" value="true"/>
              <Attribute name="can grow" value="true"/>
            </CommonProperties>
            <Element type="TextPart">
              <FontProperties>
                <Attribute name="font name" value="Arial"/>
                <Attribute name="font size" value="200"/>
                <Attribute name="font style" value="1"/>
              </FontProperties>
            <![CDATA[Search Criteria]]>
            </Element>
            <Element type="TextPart">
              <FontProperties>
                <Attribute name="font name" value="Arial"/>
                <Attribute name="font size" value="200"/>
                <Attribute name="font style" value="1"/>
              </FontProperties>
            <![CDATA[ ]]>
            </Element>
          </Element>
        </Element>
        <Element type="Text" count="1" x_position="166" y_position="1050" width="3608" height="225">
          <CommonProperties>
            <Attribute name="keep together" value="true"/>
            <Attribute name="can grow" value="true"/>
          </CommonProperties>
          <Element type="Paragraph" count="1">
            <CommonProperties>
              <Attribute name="horizontal align" value="1"/>
            </CommonProperties>
            <Element type="TextPart">
              <FontProperties>
                <Attribute name="font size" value="200"/>
                <Attribute name="font style" value="1"/>
              </FontProperties>
            <![CDATA[RPTMRA012#ReportDetailsHeading]]>
            </Element>
          </Element>
        </Element>
        <Element type="FieldElement" x_position="2475" y_position="600" width="1500" height="240">
          <CommonProperties>
            <Attribute name="horizontal align" value="1"/>
          </CommonProperties>
          <Reference name="field" type="DatabaseField" refname="DUMMY_VIEW_MRAARLBLGINV.CLRPRD"/>
        </Element>
      </Section>
      <Section type="PageHeader" count="14" width="11520" height="438" id="2">
        <SectionProperties>
          <Attribute name="drill down" value="true"/>
          <Attribute name="keep together" value="true"/>
        </SectionProperties>
        <Element type="Box" x2_position="11103" y2_position="435" x_position="146" y_position="0" width="0" height="0">
          <CommonProperties>
            <Attribute name="keep together" value="true"/>
          </CommonProperties>
          <BoxProperties>
            <Attribute name="background color" value="12632256"/>
            <Attribute name="close border on page break" value="true"/>
              <LineProperties>
                <Attribute name="line width" value="0"/>
              </LineProperties>
          </BoxProperties>
        </Element>
        <Element type="Line" x2_position="9105" y2_position="450" x_position="9105" y_position="0" width="0" height="0">
          <CommonProperties>
            <Attribute name="keep together" value="true"/>
          </CommonProperties>
          <LineProperties>
            <Attribute name="line width" value="10"/>
            <Attribute name="id" value="6"/>
          </LineProperties>
        </Element>
        <Element type="Line" x2_position="6840" y2_position="609" x_position="6840" y_position="0" width="0" height="0">
          <CommonProperties>
            <Attribute name="keep together" value="true"/>
          </CommonProperties>
          <LineProperties>
            <Attribute name="line width" value="10"/>
            <Attribute name="id" value="5"/>
          </LineProperties>
        </Element>
        <Element type="Line" x2_position="1320" y2_position="458" x_position="1320" y_position="0" width="0" height="0">
          <CommonProperties>
            <Attribute name="keep together" value="true"/>
          </CommonProperties>
          <LineProperties>
            <Attribute name="line width" value="10"/>
            <Attribute name="id" value="6"/>
          </LineProperties>
        </Element>
        <Element type="Line" x2_position="3000" y2_position="458" x_position="3000" y_position="0" width="0" height="0">
          <CommonProperties>
            <Attribute name="keep together" value="true"/>
          </CommonProperties>
          <LineProperties>
            <Attribute name="line width" value="10"/>
            <Attribute name="id" value="6"/>
          </LineProperties>
        </Element>
        <Element type="Line" x2_position="5160" y2_position="8" x_position="5160" y_position="0" width="0" height="0">
          <CommonProperties>
            <Attribute name="keep together" value="true"/>
          </CommonProperties>
          <LineProperties>
            <Attribute name="line width" value="10"/>
            <Attribute name="id" value="5"/>
          </LineProperties>
        </Element>
        <Element type="Text" count="1" x_position="144" y_position="120" width="1200" height="255">
          <CommonProperties>
            <Attribute name="keep together" value="true"/>
          </CommonProperties>
          <Element type="Paragraph" count="1">
            <CommonProperties>
              <Attribute name="horizontal align" value="2"/>
            </CommonProperties>
            <Element type="TextPart">
              <FontProperties>
                <Attribute name="font name" value="Arial"/>
                <Attribute name="font size" value="200"/>
              </FontProperties>
            <![CDATA[RPTMRA012#arlcode]]>
            </Element>
          </Element>
        </Element>
        <Element type="Text" count="1" x_position="3335" y_position="120" width="1584" height="255">
          <CommonProperties>
            <Attribute name="keep together" value="true"/>
          </CommonProperties>
          <Element type="Paragraph" count="1">
            <CommonProperties>
              <Attribute name="horizontal align" value="2"/>
            </CommonProperties>
            <Element type="TextPart">
              <FontProperties>
                <Attribute name="font name" value="Arial"/>
                <Attribute name="font size" value="200"/>
              </FontProperties>
            <![CDATA[RPTMRA012#arlnam]]>
            </Element>
          </Element>
        </Element>
        <Element type="Text" count="1" x_position="5366" y_position="120" width="1333" height="255">
          <CommonProperties>
            <Attribute name="keep together" value="true"/>
          </CommonProperties>
          <Element type="Paragraph" count="1">
            <CommonProperties>
              <Attribute name="horizontal align" value="2"/>
              <Attribute name="keep together" value="true"/>
            </CommonProperties>
            <Element type="TextPart">
              <FontProperties>
                <Attribute name="font name" value="Arial"/>
                <Attribute name="font size" value="200"/>
              </FontProperties>
            <![CDATA[RPTMRA012#blgtype]]>
            </Element>
          </Element>
        </Element>
        <Element type="Text" count="1" x_position="7029" y_position="120" width="1850" height="255">
          <CommonProperties>
            <Attribute name="keep together" value="true"/>
          </CommonProperties>
          <Element type="Paragraph" count="1">
            <CommonProperties>
              <Attribute name="horizontal align" value="2"/>
            </CommonProperties>
            <Element type="TextPart">
              <FontProperties>
                <Attribute name="font name" value="Arial"/>
                <Attribute name="font size" value="200"/>
              </FontProperties>
            <![CDATA[RPTMRA012#invno]]>
            </Element>
          </Element>
        </Element>
        <Element type="Text" count="1" x_position="9206" y_position="120" width="1898" height="255">
          <CommonProperties>
            <Attribute name="keep together" value="true"/>
          </CommonProperties>
          <Element type="Paragraph" count="1">
            <CommonProperties>
              <Attribute name="horizontal align" value="2"/>
            </CommonProperties>
            <Element type="TextPart">
              <FontProperties>
                <Attribute name="font name" value="Arial"/>
                <Attribute name="font size" value="200"/>
              </FontProperties>
            <![CDATA[RPTMRA012#invval]]>
            </Element>
          </Element>
        </Element>
        <Element type="Text" count="1" x_position="1440" y_position="120" width="1467" height="255">
          <CommonProperties>
            <Attribute name="keep together" value="true"/>
          </CommonProperties>
          <Element type="Paragraph" count="1">
            <CommonProperties>
              <Attribute name="horizontal align" value="2"/>
            </CommonProperties>
            <Element type="TextPart">
              <FontProperties>
                <Attribute name="font name" value="Arial"/>
                <Attribute name="font size" value="200"/>
              </FontProperties>
            <![CDATA[RPTMRA012#arlnum]]>
            </Element>
          </Element>
        </Element>
        <Element type="Box" x2_position="11104" y2_position="453" x_position="144" y_position="434" width="0" height="0">
          <CommonProperties>
            <Attribute name="keep together" value="true"/>
          </CommonProperties>
          <BoxProperties>
            <Attribute name="close border on page break" value="true"/>
              <LineProperties>
                <Attribute name="line width" value="0"/>
                <Attribute name="id" value="6"/>
              </LineProperties>
          </BoxProperties>
        </Element>
        <Element type="Box" x2_position="11104" y2_position="609" x_position="143" y_position="438" width="0" height="0">
          <CommonProperties>
            <Attribute name="keep together" value="true"/>
          </CommonProperties>
          <BoxProperties>
            <Attribute name="close border on page break" value="true"/>
              <LineProperties>
                <Attribute name="line width" value="0"/>
                <Attribute name="id" value="5"/>
              </LineProperties>
          </BoxProperties>
        </Element>
      </Section>
    </Area>
    <Area type="PageFooter" count="1">
      <AreaProperties>
        <Attribute name="drill down" value="true"/>
        <Attribute name="keep together" value="true"/>
        <Attribute name="underlay following section" value="true"/>
      </AreaProperties>
      <Section type="PageFooter" count="1" width="11520" height="546" id="3">
        <SectionProperties>
          <Attribute name="drill down" value="true"/>
          <Attribute name="keep together" value="true"/>
        </SectionProperties>
        <Element type="FieldElement" x_position="8947" y_position="90" width="2238" height="261">
          <CommonProperties>
            <Attribute name="horizontal align" value="3"/>
            <Attribute name="keep together" value="true"/>
          </CommonProperties>
          <FontProperties>
            <Attribute name="font name" value="Arial"/>
            <Attribute name="font size" value="200"/>
          </FontProperties>
          <Reference name="field" type="SpecialVarField" id="16"/>
        </Element>
      </Section>
    </Area>
  </AreaPair>
  <AreaPair type="ReportAreaPair" id="0">
    <Area type="ReportHeader" count="1">
      <AreaProperties>
        <Attribute name="drill down" value="true"/>
        <Attribute name="new page before" value="true"/>
        <Attribute name="underlay following section" value="true"/>
      </AreaProperties>
      <Section type="ReportHeader" count="0" width="11520" height="0" id="4">
        <SectionProperties>
          <Attribute name="drill down" value="true"/>
          <Attribute name="suppress" value="true"/>
          <Attribute name="keep together" value="true"/>
        </SectionProperties>
      </Section>
    </Area>
    <Area type="ReportFooter" count="1">
      <AreaProperties>
        <Attribute name="drill down" value="true"/>
        <Attribute name="new page after" value="true"/>
        <Attribute name="underlay following section" value="true"/>
      </AreaProperties>
      <Section type="ReportFooter" count="2" width="11520" height="609" id="5">
        <SectionProperties>
          <Attribute name="drill down" value="true"/>
          <Attribute name="keep together" value="true"/>
        </SectionProperties>
        <Element type="FieldElement" x_position="9196" y_position="98" width="1833" height="225">
          <CommonProperties>
            <Attribute name="horizontal align" value="3"/>
            <Attribute name="keep together" value="true"/>
          </CommonProperties>
          <FontProperties>
            <Attribute name="font name" value="Times New Roman"/>
            <Attribute name="font size" value="200"/>
            <Attribute name="font style" value="1"/>
          </FontProperties>
          <NumberProperties>
            <Attribute name="thousand separators symbol" value=","/>
            <Attribute name="decimal separators symbol" value="."/>
            <Attribute name="currency symbol" value=""/>
          </NumberProperties>
          <Reference name="field" type="SummaryField" refname="#Sum DUMMY_VIEW_MRAARLBLGINV.TOTAMTBLGCUR"/>
        </Element>
        <Element type="Text" count="1" x_position="6874" y_position="120" width="1850" height="255">
          <CommonProperties>
            <Attribute name="keep together" value="true"/>
          </CommonProperties>
          <Element type="Paragraph" count="1">
            <CommonProperties>
              <Attribute name="horizontal align" value="3"/>
            </CommonProperties>
            <Element type="TextPart">
              <FontProperties>
                <Attribute name="font name" value="Arial"/>
                <Attribute name="font size" value="200"/>
                <Attribute name="font style" value="1"/>
              </FontProperties>
            <![CDATA[RPTMRA012#total]]>
            </Element>
          </Element>
        </Element>
      </Section>
    </Area>
  </AreaPair>
  <AreaPair type="DetailArea" id="1">
    <Area type="Detail" count="1">
      <AreaProperties>
        <Attribute name="underlay following section" value="true"/>
      </AreaProperties>
      <Section type="Detail" count="7" width="11520" height="479" id="6">
        <SectionProperties>
          <Attribute name="keep together" value="true"/>
        </SectionProperties>
        <Element type="FieldElement" x_position="300" y_position="150" width="765" height="225">
          <CommonProperties>
            <Attribute name="horizontal align" value="2"/>
            <Attribute name="keep together" value="true"/>
          </CommonProperties>
          <FontProperties>
            <Attribute name="font name" value="Arial"/>
            <Attribute name="font size" value="200"/>
          </FontProperties>
          <Reference name="field" type="DatabaseField" refname="DUMMY_VIEW_MRAARLBLGINV.ARLCOD"/>
        </Element>
        <Element type="FieldElement" x_position="1650" y_position="150" width="938" height="240">
          <CommonProperties>
            <Attribute name="horizontal align" value="2"/>
            <Attribute name="keep together" value="true"/>
          </CommonProperties>
          <FontProperties>
            <Attribute name="font name" value="Arial"/>
            <Attribute name="font size" value="200"/>
          </FontProperties>
          <NumberProperties>
            <Attribute name="n decimal places" value="0"/>
            <Attribute name="rounding type" value="11"/>
            <Attribute name="thousand separators symbol" value=","/>
            <Attribute name="decimal separators symbol" value="."/>
            <Attribute name="currency symbol" value=""/>
          </NumberProperties>
          <Reference name="field" type="DatabaseField" refname="DUMMY_VIEW_MRAARLBLGINV.ARLIDR"/>
        </Element>
        <Element type="FieldElement" x_position="3120" y_position="120" width="1920" height="225">
          <CommonProperties>
            <Attribute name="horizontal align" value="1"/>
            <Attribute name="keep together" value="true"/>
          </CommonProperties>
          <FontProperties>
            <Attribute name="font name" value="Arial"/>
            <Attribute name="font size" value="200"/>
          </FontProperties>
          <Reference name="field" type="DatabaseField" refname="DUMMY_VIEW_MRAARLBLGINV.ARLNAM"/>
        </Element>
        <Element type="FieldElement" x_position="6960" y_position="120" width="2040" height="225">
          <CommonProperties>
            <Attribute name="horizontal align" value="1"/>
            <Attribute name="keep together" value="true"/>
          </CommonProperties>
          <FontProperties>
            <Attribute name="font name" value="Arial"/>
            <Attribute name="font size" value="200"/>
          </FontProperties>
          <Reference name="field" type="DatabaseField" refname="DUMMY_VIEW_MRAARLBLGINV.INVNUM"/>
        </Element>
        <Element type="FieldElement" x_position="9181" y_position="113" width="1868" height="240">
          <CommonProperties>
            <Attribute name="horizontal align" value="3"/>
            <Attribute name="keep together" value="true"/>
          </CommonProperties>
          <FontProperties>
            <Attribute name="font name" value="Arial"/>
            <Attribute name="font size" value="200"/>
          </FontProperties>
          <NumberProperties>
            <Attribute name="thousand separators symbol" value=","/>
            <Attribute name="decimal separators symbol" value="."/>
            <Attribute name="currency symbol" value=""/>
          </NumberProperties>
          <Reference name="field" type="DatabaseField" refname="DUMMY_VIEW_MRAARLBLGINV.TOTAMTBLGCUR"/>
        </Element>
        <Element type="FieldElement" x_position="5372" y_position="120" width="1320" height="225">
          <CommonProperties>
            <Attribute name="horizontal align" value="1"/>
            <Attribute name="keep together" value="true"/>
          </CommonProperties>
          <FontProperties>
            <Attribute name="font name" value="Arial"/>
            <Attribute name="font size" value="200"/>
          </FontProperties>
          <Reference name="field" type="DatabaseField" refname="DUMMY_VIEW_MRAARLBLGINV.INTBLGTYP"/>
        </Element>
        <Element type="Line" x2_position="11105" y2_position="453" x_position="151" y_position="453" width="0" height="0">
          <LineProperties>
            <Attribute name="line width" value="10"/>
          </LineProperties>
        </Element>
      </Section>
    </Area>
  </AreaPair>
<Image count="4007" name="embedding 2">
<![CDATA[
71 73 70 56 57 97 -66 0 -126 0 -9 0 0 0 0 0 -128 0 0 0 -128 0 -128 -128 0 0 0 -128 -128 0 -128 0 -128 
-128 -64 -64 -64 -64 -36 -64 -90 -54 -16 0 24 41 0 24 49 0 33 49 0 33 57 0 41 57 0 41 66 0 49 66 0 
49 74 0 57 66 0 57 74 8 57 74 8 66 74 8 66 82 16 57 74 16 66 74 16 66 82 16 74 82 24 66 82 
24 74 82 24 74 90 33 74 90 33 82 90 33 82 99 41 82 99 41 90 99 41 90 107 49 90 99 49 90 107 49 99 
107 57 99 107 57 99 115 66 99 115 66 107 115 66 107 123 74 107 115 74 107 123 74 115 123 82 115 123 82 115 -124 82 
123 -124 90 123 -124 90 123 -116 90 -124 -116 99 -124 -116 99 -124 -108 99 -116 -108 107 -124 -108 107 -116 -108 115 -116 -108 115 -116 -100 
115 -108 -100 123 -108 -100 123 -108 -91 123 -100 -91 -124 -100 -91 -124 -91 -91 -124 -91 -83 -116 -91 -91 -116 -91 -83 -108 -91 -83 -108 -83 
-83 -108 -83 -75 -100 -83 -75 -100 -75 -75 -100 -75 -67 -91 -75 -67 -91 -67 -67 -83 -67 -67 -83 -67 -58 -83 -58 -58 -75 -58 -58 -75 
-58 -50 -67 -58 -50 -67 -50 -50 -67 -50 -42 -58 -50 -42 -58 -42 -42 -50 -42 -42 -50 -42 -34 -50 -34 -34 -42 -34 -34 -42 -34 -25 
-42 -25 -25 -34 -25 -25 -34 -25 -17 -25 -25 -17 -25 -17 -17 -17 -17 -17 -17 -17 -9 -17 -9 -9 -9 -9 -9 -9 -9 -1 -9 -1 
-1 -1 -1 -1 0 0 0 0 0 0 0 0 0 0 0 0 0 0 0 0 0 0 0 0 0 0 0 0 0 0 0 0 
0 0 0 0 0 0 0 0 0 0 0 0 0 0 0 0 0 0 0 0 0 0 0 0 0 0 0 0 0 0 0 0 
0 0 0 0 0 0 0 0 0 0 0 0 0 0 0 0 0 0 0 0 0 0 0 0 0 0 0 0 0 0 0 0 
0 0 0 0 0 0 0 0 0 0 0 0 0 0 0 0 0 0 0 0 0 0 0 0 0 0 0 0 0 0 0 0 
0 0 0 0 0 0 0 0 0 0 0 0 0 0 0 0 0 0 0 0 0 0 0 0 0 0 0 0 0 0 0 0 
0 0 0 0 0 0 0 0 0 0 0 0 0 0 0 0 0 0 0 0 0 0 0 0 0 0 0 0 0 0 0 0 
0 0 0 0 0 0 0 0 0 0 0 0 0 0 0 0 0 0 0 0 0 0 0 0 0 0 0 0 0 0 0 0 
0 0 0 0 0 0 0 0 0 0 0 0 0 0 0 0 0 0 0 0 0 0 0 0 0 0 0 0 0 0 0 0 
0 0 0 0 0 0 0 0 0 0 0 0 0 0 0 0 0 0 0 0 0 0 0 0 0 0 0 0 0 0 0 0 
0 0 0 0 0 0 0 0 0 0 0 0 0 0 0 0 0 0 0 0 0 0 0 0 0 0 0 0 0 0 0 0 
0 0 0 0 0 0 0 0 0 0 0 0 0 0 0 0 0 0 0 0 0 0 0 0 0 0 0 0 0 0 0 0 
0 0 0 0 0 0 0 0 0 0 0 0 0 0 0 0 0 0 0 0 0 0 0 0 0 0 0 0 0 0 0 0 
0 0 0 0 0 0 0 0 0 0 0 0 0 0 0 0 0 0 0 0 0 0 0 0 0 0 0 0 0 0 0 0 
0 0 0 0 0 0 0 0 0 0 0 0 0 0 -1 -5 -16 -96 -96 -92 -128 -128 -128 -1 0 0 0 -1 0 -1 -1 0 
0 0 -1 -1 0 -1 0 -1 -1 -1 -1 -1 44 0 0 0 0 -66 0 -126 0 0 8 -1 0 -49 8 28 72 -80 -96 -63 
-125 8 19 42 92 -56 -80 -95 -61 -121 16 35 74 -100 72 -79 -94 -59 -117 24 51 106 -36 -56 -79 -93 -57 -113 32 67 -118 28 
73 -78 -92 -55 -109 40 83 -86 92 -55 -78 -91 -53 -105 48 99 -54 -100 73 -77 -90 -51 -101 56 115 -22 -36 -55 -77 -89 -49 -97 
64 -125 10 29 74 -76 -88 -47 -93 72 -109 42 93 -54 -76 -87 -45 -89 80 -93 74 -99 74 -75 -86 -43 -85 68 -63 36 113 -111 
1 66 5 21 72 -58 96 29 43 48 76 15 14 14 28 64 88 -101 54 68 20 -78 87 -89 -112 80 11 33 -83 -35 -70 20 
-86 -64 -91 122 -124 -126 90 -75 37 120 20 -23 1 -30 65 93 19 100 -10 70 5 -78 -74 -82 8 38 4 -63 -88 104 12 69 
-15 83 -58 -115 105 -128 17 8 -58 -118 -40 42 19 -22 2 -79 -36 -108 72 99 8 61 6 58 -23 0 -95 4 24 48 22 68 
-109 94 -118 -28 -12 104 -50 30 -2 2 73 -46 120 -55 -20 -92 75 66 -81 -3 65 80 11 -123 -58 30 -70 66 -24 -80 -7 -73 
81 40 -57 33 60 -32 81 112 -116 8 -70 -115 29 16 113 110 -76 74 6 -61 14 106 28 -1 116 -30 -9 46 117 -18 68 -73 
116 -8 -21 34 -15 -63 42 52 78 -88 -56 49 5 125 -42 18 116 75 -120 -79 31 -107 -52 10 -70 28 100 -63 95 84 53 96 
-41 -127 11 45 36 -88 -32 -126 12 54 -104 -96 10 -87 13 88 19 16 -122 -99 102 -41 -123 24 102 -104 33 3 -37 73 56 19 
18 14 52 -96 -31 -120 36 94 -56 0 7 -5 121 24 -45 24 54 -72 0 -61 -117 48 -58 40 -29 -116 52 -62 -32 -62 17 42 
-26 -88 99 70 76 0 -31 -29 -113 64 6 41 -28 -112 63 74 -79 35 76 60 44 -64 -64 -110 76 54 -23 -28 -109 80 46 -23 
-37 -111 46 25 119 90 -123 -89 101 -87 -91 -106 14 -108 80 6 -107 47 -83 80 97 6 30 116 96 -26 -103 104 -90 -87 -26 -103 
73 -128 -7 82 109 107 -27 32 -58 107 116 -42 105 -25 -99 117 -70 -7 18 24 -84 65 -128 -126 -98 72 21 8 -63 4 86 20 
100 5 16 58 16 -79 5 -96 60 89 17 -38 3 57 16 -108 68 121 14 100 -48 33 -93 57 -95 -80 22 115 2 125 -95 1 
118 -122 33 -127 105 78 75 52 -42 -95 21 91 126 16 -58 -88 55 -115 17 -62 90 32 -84 -1 26 70 8 118 -63 -96 -36 91 
-84 -38 100 -124 90 -112 10 84 -123 10 33 -24 96 -35 90 -94 -26 90 19 25 38 -48 117 105 98 97 -12 -23 -124 -79 54 89 
17 29 4 53 96 33 80 23 48 -84 -107 65 23 -48 -38 20 28 120 20 -108 -128 -62 -89 117 -99 -41 109 77 76 -96 -59 86 
90 117 -75 32 -42 -71 54 109 81 67 87 105 61 -112 -127 -80 -16 -26 -44 -123 19 68 0 -79 4 -73 -7 6 44 -16 -64 4 
23 108 -16 -63 8 63 5 112 -62 51 97 -15 -127 -128 12 -53 -60 3 3 -26 14 52 70 16 64 -4 -80 4 25 72 100 -100 
67 -94 87 36 100 -58 17 69 -72 103 104 15 61 96 -95 5 17 73 28 65 -60 -53 68 44 33 70 16 63 -4 80 89 100 
-11 17 -76 5 16 61 16 97 -14 21 51 -28 32 -76 -48 60 -12 -64 67 -101 80 24 -111 4 -52 -3 -26 76 80 20 -117 22 
-124 -60 16 68 24 97 70 66 96 60 91 -48 22 63 -32 106 80 18 61 -113 -63 -60 17 75 99 12 4 18 33 111 52 -58 
122 29 -68 75 16 15 106 85 6 -124 3 21 -44 32 3 7 16 -40 -16 -27 65 68 56 -1 -32 -82 65 96 124 -16 1 24 
93 -120 -48 64 8 51 -56 32 67 6 43 -108 -47 -73 3 109 18 4 4 7 -51 -107 -123 31 -114 3 -15 -48 1 15 53 -1 
0 -60 11 14 48 16 41 20 19 56 -96 66 -30 -39 94 42 16 25 31 68 90 -48 -29 17 34 4 68 6 -107 -105 -91 41 
-26 5 45 -31 0 117 -63 -103 -34 111 13 31 -76 86 -69 69 74 120 -11 64 -28 4 -95 -6 -63 -43 84 64 -96 2 103 42 
52 112 -101 65 85 72 -32 -128 11 110 15 20 -125 12 2 -27 -64 -31 64 83 20 -37 -126 3 -72 -97 65 6 -83 -27 -101 33 
-126 120 4 57 -95 69 65 -29 -105 32 -106 -6 16 64 124 -58 17 122 -75 -17 64 7 -85 18 36 6 5 19 -120 -38 65 -56 
112 -99 -14 117 79 45 6 60 67 23 58 -112 -77 -21 76 -23 12 98 -8 1 4 66 -16 62 -116 -56 103 110 127 42 72 21 
32 -16 1 -79 76 -63 121 3 65 85 8 -82 102 -112 41 -108 -50 1 47 48 -103 64 100 48 3 -127 -64 45 8 7 -47 -35 
-13 6 -46 -124 -76 -116 -128 -124 103 48 33 21 22 -46 3 7 80 96 -121 -26 43 1 4 -1 -84 -107 16 23 -84 -59 -128 96 
-88 -64 4 -20 103 16 40 72 -57 4 56 20 72 -127 -44 -126 -68 107 49 -16 12 102 -64 -49 3 5 -78 4 5 -108 64 -123 
19 65 -43 18 -62 -48 21 32 -122 -112 -125 30 4 -95 64 -74 48 1 16 -20 -83 32 83 -56 64 12 -22 18 -125 55 -98 33 
6 45 60 3 -36 -90 23 -103 12 80 -64 126 42 72 14 4 -76 118 -122 26 -124 0 -116 112 -12 75 -20 -56 32 -60 -76 29 
68 11 25 -56 1 5 76 80 -112 36 78 -96 -126 7 113 -127 10 38 99 36 -126 -48 -96 4 -55 -102 -64 22 23 88 -97 44 
62 96 -117 2 -55 0 3 -86 56 -111 26 116 -32 106 57 8 -113 -95 -48 -104 67 53 -98 -127 8 13 -80 1 66 -30 -40 5 
31 -92 37 6 38 -61 -93 11 27 -96 58 -126 -56 -64 1 -73 -39 32 19 120 -48 0 23 8 68 12 25 -120 -35 65 -84 -29 
0 -60 12 -124 -111 16 88 -104 65 116 16 -126 49 104 -54 105 103 8 -125 5 40 32 -64 -126 24 7 10 76 112 64 12 10 
50 3 24 116 -95 4 13 -96 -64 3 73 -119 -59 18 -100 -46 32 -34 43 -127 69 -64 -112 -1 1 23 96 -31 10 -90 -39 86 
-14 104 -7 -63 18 88 -63 10 63 8 -41 -16 -64 39 80 29 -92 5 6 -18 17 -90 30 29 -128 2 30 88 20 6 -7 59 
67 13 -11 121 -122 25 -68 -46 56 -124 58 67 112 28 121 -112 88 82 -96 80 -41 52 1 4 100 96 -47 28 -56 -64 109 98 
-24 -64 118 116 -105 -57 -78 -116 -77 -100 111 3 -127 64 64 64 1 109 -50 -64 -103 93 -96 21 5 -108 96 -59 82 -38 19 -107 
34 85 -117 69 -118 -48 26 20 56 -75 2 -38 25 104 7 115 56 -127 10 -120 96 2 12 80 65 -10 -32 40 -48 51 -60 -46 
1 16 -67 99 30 -31 86 -126 26 -52 -96 5 67 28 72 -77 -122 -8 5 10 -36 38 6 13 -120 -108 11 56 -118 16 39 -44 
-123 56 4 65 22 4 92 96 -42 18 124 -32 -115 74 -128 -44 17 120 0 -127 -82 -122 -13 -90 -45 -20 -128 8 -114 112 4 90 
-31 85 32 63 93 35 8 28 32 -127 54 -47 -45 -108 72 -115 -62 90 42 -94 -66 21 -116 -127 12 -96 -99 -101 8 76 -90 -68 
52 -94 64 12 71 88 14 73 -71 -70 -80 41 -90 112 6 52 112 97 84 5 -30 -124 -20 -1 21 -88 7 64 -96 -64 23 4 
-14 65 14 68 -63 2 48 68 72 -32 40 10 70 108 86 -112 12 -124 60 3 10 68 -64 -125 29 -16 -32 4 -56 84 -21 56 
49 73 -112 -32 -28 -64 -94 53 -128 0 8 -36 22 89 -127 100 -31 3 84 -28 -109 81 29 -128 84 39 84 -77 34 82 24 100 
100 -16 70 -56 13 78 -11 -125 51 -68 1 3 66 -80 80 -34 26 -42 -85 15 85 1 -5 -32 86 76 -126 56 -111 3 25 96 
-97 64 52 -43 -127 12 -32 -44 -104 62 36 98 94 -123 -88 96 -126 -128 -58 107 -51 3 -127 123 -60 121 -55 -125 -96 -64 -103 3 
65 1 121 7 -46 93 -127 104 65 -88 57 -24 -128 94 -78 -24 0 -94 22 4 8 10 40 -106 68 -80 16 -125 15 -128 17 110 
24 -82 -27 123 -3 36 -112 49 -108 -128 1 -21 60 8 47 11 -78 3 118 -71 -50 -95 -3 -75 -40 100 39 64 -46 82 57 96 
5 9 41 -34 108 11 -126 -51 6 15 -60 -112 42 84 -127 3 -76 6 -101 9 56 -7 12 88 -104 64 114 -45 -119 -28 21 -62 
96 107 -41 -127 64 94 -80 120 29 86 -98 -31 3 29 64 -92 67 106 -32 86 -125 -128 20 -1 -91 -51 75 115 45 51 -120 -27 
12 -20 78 -57 25 -40 109 65 120 -16 0 7 -72 46 7 -46 107 31 73 99 25 -29 26 79 86 -59 5 -31 -62 6 -64 90 
66 48 -48 -81 -63 70 32 3 63 -117 105 -34 25 38 17 2 40 61 67 25 -120 -118 -125 67 -26 -11 85 -7 -109 -63 -105 11 
-14 78 7 76 32 127 5 -44 -32 15 41 -14 65 6 36 -80 -112 -13 -75 86 17 -44 98 45 92 26 120 32 80 -72 0 3 
92 80 -123 -20 17 -31 1 94 35 -56 15 100 73 6 20 48 -96 3 71 -128 66 20 -106 112 69 -16 -87 -9 -60 19 -16 -62 
0 -115 -67 59 39 48 -31 -38 75 -104 -100 22 -74 64 -127 -84 46 33 10 81 -8 1 125 99 25 108 -13 -103 -128 1 64 32 
67 20 30 -80 107 40 76 -63 9 49 -64 40 4 70 77 -112 35 48 64 4 91 96 -92 8 -74 122 -122 47 -32 103 -121 -96 
97 64 9 -92 -48 -123 46 72 -63 -107 -103 -106 72 13 82 -96 -126 27 -16 27 12 56 56 65 14 -64 80 -125 77 18 97 12 
57 -80 56 65 -82 96 3 19 -88 0 121 100 -48 65 11 -8 72 16 34 16 -43 10 47 -1 -46 -28 10 84 96 2 23 -12 
111 117 63 64 100 23 -126 124 6 48 104 -46 5 46 88 -127 -50 117 -114 -126 26 -112 97 43 49 88 -7 38 75 -48 -125 44 
-64 -96 5 9 -52 66 -48 -89 -16 -71 24 -32 -68 5 40 40 65 -74 89 80 3 61 15 -60 12 64 72 1 16 -88 96 35 
112 14 -28 11 57 -32 86 16 -16 -40 2 21 -68 -32 5 46 -56 65 -62 101 18 -59 124 -115 -127 -33 17 -117 -69 -36 -25 78 
-9 -70 -37 -3 -18 120 -49 85 -42 126 96 -73 -96 17 97 10 112 63 8 24 -90 80 -123 -74 51 -7 -96 -120 79 60 -30 -73 
16 120 -126 124 -63 9 64 -40 65 14 124 -112 -124 43 35 100 12 84 48 2 15 -82 75 -124 40 -68 124 44 93 -56 1 90 
22 -96 -128 -46 43 -128 1 15 0 1 16 82 -92 -112 -55 64 -64 8 10 -111 -42 -70 50 -76 41 27 104 51 121 52 -80 51 
3 74 -81 36 63 33 -63 -16 3 1 -61 15 38 -69 -5 -46 51 96 127 57 -96 110 85 -94 -16 -127 -29 119 64 6 64 48 
-62 96 108 -75 -92 18 88 94 53 117 113 0 8 88 79 -67 -75 -124 -64 4 -32 15 63 -1 -8 75 -112 27 6 -128 -32 -64 
-71 61 62 -30 112 -53 -125 22 88 -32 -8 42 80 -66 64 -96 -48 124 7 124 64 6 63 -8 -99 16 25 -112 -127 87 67 37 
10 -35 -106 1 69 -80 80 95 16 4 -35 -42 1 -14 55 16 -48 -91 2 -97 66 115 103 -32 40 20 -80 90 4 49 6 74 
-32 23 57 54 16 95 101 2 78 0 70 93 -64 3 88 -43 1 78 70 30 -9 -58 4 91 101 6 83 32 101 15 32 4 
85 1 6 -71 -15 1 -41 39 16 82 64 1 10 -128 2 106 86 42 20 -128 5 -79 -92 42 8 1 -127 9 -8 54 -107 -78 
48 74 54 3 106 54 127 20 -48 0 2 118 6 -112 116 61 -36 -121 79 113 67 21 115 51 1 55 -93 16 75 -64 3 27 
104 16 -116 -28 0 45 -108 5 126 17 92 6 1 -127 76 116 16 78 20 82 103 -32 42 -60 -75 16 81 -32 4 -75 83 32 
-79 -62 16 46 80 77 67 -72 20 11 120 17 -127 -11 71 2 65 3 -5 83 95 94 -72 16 54 8 49 118 5 1 79 32 
17 -4 68 62 13 -79 65 16 -32 117 77 -31 5 104 -15 88 19 65 64 14 16 91 -34 -1 -27 23 36 39 16 16 120 96 
19 -88 97 -93 37 91 109 35 17 78 84 1 -108 120 16 -114 37 21 89 80 1 16 -128 104 18 1 34 116 -8 100 119 -40 
-123 19 32 74 88 -96 120 7 69 5 72 -112 44 16 96 98 119 116 94 -107 -76 4 -72 -104 -117 -72 -24 4 36 116 4 15 
-96 -125 13 -47 -122 71 -24 20 90 32 -118 -92 8 17 99 48 89 -61 24 -118 14 -96 -120 -110 40 28 125 118 33 21 -110 22 
32 80 69 48 -48 37 77 4 37 62 -44 28 125 19 2 75 -104 16 -41 -56 61 81 -15 5 -21 33 77 17 -79 43 -9 117 
64 29 32 109 -55 19 26 -30 -30 84 -16 -120 2 126 -111 1 76 0 70 -79 -60 63 -26 68 3 51 -80 -113 -5 24 3 19 
64 59 2 -63 27 25 -64 -114 12 -111 44 -61 -24 20 -48 69 103 17 33 6 -109 -59 1 53 -16 -112 16 89 113 117 97 -114 
16 40 -127 103 64 30 16 -32 58 4 17 88 -49 -90 16 93 64 1 0 -7 -128 107 -111 92 9 -15 -111 75 6 21 115 -29 
-121 12 -47 -127 71 -80 48 125 83 23 -38 -72 22 26 -96 77 16 120 125 70 80 46 5 -1 65 -114 -90 -61 16 -116 17 -110 
101 112 29 45 -48 16 61 68 1 61 -72 20 124 -94 125 -73 -57 100 45 -64 0 16 -112 54 44 8 86 77 112 109 82 121 
109 77 112 4 22 112 103 33 52 1 55 -104 16 -79 4 1 69 112 98 106 -31 -116 5 65 5 -79 17 -110 103 0 34 16 
16 -119 5 1 -128 -78 68 21 118 101 127 -68 120 16 88 -128 -126 -105 50 55 21 -112 -108 4 -127 3 63 -104 -107 91 9 -114 
-108 -107 92 -2 -95 22 57 96 117 87 -105 4 118 86 88 -75 19 3 -126 -119 -105 100 112 4 -86 36 2 -11 -11 20 73 -128 
1 -57 23 24 -33 118 -122 68 -32 2 88 69 1 92 8 6 104 -95 75 10 -95 5 87 -87 -111 -114 98 101 10 17 6 -55 
-110 1 102 20 78 109 120 34 53 -96 4 84 96 5 80 0 4 -8 1 86 25 96 -106 99 120 76 -4 71 3 71 16 5 
85 48 5 76 -48 3 -41 -63 0 39 -48 -119 80 113 5 49 -48 109 11 -48 0 108 -79 36 19 -32 2 -85 -23 61 68 -55 
16 53 -64 0 -90 121 6 85 96 24 107 103 16 -22 -63 127 9 103 6 68 0 94 -53 -116 -39 -100 14 64 2 75 0 6 
20 16 1 11 -43 88 14 -48 123 108 -79 -100 29 0 4 -115 39 21 93 -80 4 57 -128 2 25 -48 1 42 -64 3 76 -112 
-108 80 -80 4 -122 40 120 75 -96 4 81 35 6 -41 54 -97 107 -76 4 72 -80 -99 99 16 5 60 -128 -97 30 0 3 68 
-128 82 102 -64 4 75 96 71 -41 -60 116 45 -48 21 19 112 2 61 16 5 8 -102 119 34 58 -94 36 90 -94 38 122 -94 
40 -102 -94 42 -70 -94 44 -38 -94 46 -6 -94 48 26 -93 50 58 -93 52 90 -93 54 122 -93 56 -102 -93 58 -70 -93 60 -38 
-93 119 23 16 0 59 
]]>
</Image>
</inet:Report>
